// Jest Snapshot v1, https://goo.gl/fbAQLP

exports[`withVideo is rendered correctly 1`] = `
<div>
  <video
    autoPlay={false}
    height={175}
    muted={true}
    src="http://media.xiph.org/mango/tears_of_steel_1080p.webm"
    width={280}
  />
</div>
`;
