// Jest Snapshot v1, https://goo.gl/fbAQLP

exports[`withInputLogin is rendered correctly 1`] = `<div />`;
