// Jest Snapshot v1, https://goo.gl/fbAQLP

exports[`withInputValue is rendered correctly 1`] = `<div />`;
