// Jest Snapshot v1, https://goo.gl/fbAQLP

exports[`Should ListOfFilms render correctly 1`] = `
Array [
  <React.Fragment>
    <WithActiveItem
      film={
        Object {
          "background_color": "#73B39A",
          "background_image": "https://assets.htmlacademy.ru/intensives/javascript-3/film/background/bronson.jpg",
          "description": "A young man who was sentenced to seven years in prison for robbing a post office ends up spending three decades in solitary confinement. During this time, his own personality is supplanted by his alter-ego, Charles Bronson.",
          "director": "Nicolas Winding Refn",
          "genre": "Action",
          "id": 1,
          "is_favorite": false,
          "name": "Bronson",
          "poster_image": "https://assets.htmlacademy.ru/intensives/javascript-3/film/poster/bronson.jpg",
          "preview_image": "https://assets.htmlacademy.ru/intensives/javascript-3/film/preview/bronson.jpg",
          "preview_video_link": "https://upload.wikimedia.org/wikipedia/commons/transcoded/b/b3/Big_Buck_Bunny_Trailer_400p.ogv/Big_Buck_Bunny_Trailer_400p.ogv.360p.webm",
          "rating": 3.6,
          "released": 2008,
          "run_time": 92,
          "scores_count": 109661,
          "starring": Array [
            "Tom Hardy",
            "Kelly Adams",
            "Luing Andrews",
          ],
          "video_link": "http://media.xiph.org/mango/tears_of_steel_1080p.webm",
        }
      }
      id={1}
      initialActiveItem={-1}
    />
  </React.Fragment>,
  <React.Fragment>
    <WithActiveItem
      film={
        Object {
          "background_color": "#795433",
          "background_image": "https://assets.htmlacademy.ru/intensives/javascript-3/film/background/Pulp_Fiction.jpg",
          "description": "The lives of two mob hitmen, a boxer, a gangster & his wife, and a pair of diner bandits intertwine in four tales of violence and redemption.",
          "director": "Quentin Tarantino",
          "genre": "Crime",
          "id": 2,
          "is_favorite": true,
          "name": "Pulp Fiction",
          "poster_image": "https://assets.htmlacademy.ru/intensives/javascript-3/film/poster/Pulp_Fiction.jpg",
          "preview_image": "https://assets.htmlacademy.ru/intensives/javascript-3/film/preview/pulp-fiction.jpg",
          "preview_video_link": "https://upload.wikimedia.org/wikipedia/commons/transcoded/b/b3/Big_Buck_Bunny_Trailer_400p.ogv/Big_Buck_Bunny_Trailer_400p.ogv.360p.webm",
          "rating": 1.5,
          "released": 1994,
          "run_time": 153,
          "scores_count": 1635992,
          "starring": Array [
            "John Travolta",
            "Uma Thurman",
            "Samuel L. Jackson",
          ],
          "video_link": "http://peach.themazzone.com/durian/movies/sintel-1024-surround.mp4",
        }
      }
      id={2}
      initialActiveItem={-1}
    />
  </React.Fragment>,
]
`;
