// Jest Snapshot v1, https://goo.gl/fbAQLP

exports[`Should AddReview render correctly 1`] = `
<section
  className="movie-card movie-card--full"
  style={
    Object {
      "backgroundColor": "#73B39A",
    }
  }
>
  <div
    className="movie-card__header"
  >
    <div
      className="movie-card__bg"
    >
      <img
        alt="Bronson"
        src="https://assets.htmlacademy.ru/intensives/javascript-3/film/background/bronson.jpg"
      />
    </div>
    <h1
      className="visually-hidden"
    >
      WTW
    </h1>
    <header
      className="page-header"
    >
      <div
        className="logo"
      >
        <Link
          className="logo__link"
          to="/"
        >
          <span
            className="logo__letter logo__letter--1"
          >
            W
          </span>
          <span
            className="logo__letter logo__letter--2"
          >
            T
          </span>
          <span
            className="logo__letter logo__letter--3"
          >
            W
          </span>
        </Link>
      </div>
      <nav
        className="breadcrumbs"
      >
        <ul
          className="breadcrumbs__list"
        >
          <li
            className="breadcrumbs__item"
          >
            <Link
              className="breadcrumbs__link"
              to="/films/1"
            >
              Bronson
            </Link>
          </li>
          <li
            className="breadcrumbs__item"
          >
            <a
              className="breadcrumbs__link"
            >
              Add review
            </a>
          </li>
        </ul>
      </nav>
      <Memo(Connect(UserBlock)) />
    </header>
    <div
      className="movie-card__poster movie-card__poster--small"
    >
      <img
        alt="Bronson"
        height="327"
        src="https://assets.htmlacademy.ru/intensives/javascript-3/film/poster/bronson.jpg"
        width="218"
      />
    </div>
  </div>
  <WithInputValue
    id={1}
  />
</section>
`;
