// Jest Snapshot v1, https://goo.gl/fbAQLP

exports[`Should VideoPlayer render correctly 1`] = `
<React.Fragment>
  <Link
    to="/films/2"
  >
    <div
      className="small-movie-card__image"
    />
  </Link>
  <h3
    className="small-movie-card__title"
  >
    <Link
      className="small-movie-card__link"
      to="/films/2"
    >
      Pulp Fiction
    </Link>
  </h3>
</React.Fragment>
`;
